<?xml version="1.0" encoding="utf-8"?><testsuites name="pytest tests"><testsuite name="pytest" errors="0" failures="0" skipped="0" tests="624" time="8.556" timestamp="2025-08-02T17:10:06.284520-04:00" hostname="smigula"><testcase classname="tests.unit.test_backtest_models.TestBacktestResult" name="test_backtest_result_no_trades" time="0.004" /><testcase classname="tests.unit.test_allocator.TestAllocator" name="test_calculate_dynamic_quantities_no_fetcher" time="0.007" /><testcase classname="tests.unit.test_allocator.TestAllocator" name="test_calculate_dynamic_quantities_no_fractional" time="0.006" /><testcase classname="tests.unit.test_allocator.TestAllocator" name="test_calculate_dynamic_quantities_no_allocation" time="0.007" /><testcase classname="tests.unit.test_allocator.TestAllocator" name="test_allocator_creation" time="0.004" /><testcase classname="tests.unit.test_allocator.TestAllocator" name="test_calculate_auto_allocation_no_category" time="0.006" /><testcase classname="tests.unit.test_allocator.TestAllocator" name="test_calculate_auto_allocation_integer_shares" time="0.006" /><testcase classname="tests.unit.test_backtest_models.TestBacktestResult" name="test_backtest_result_creation" time="0.005" /><testcase classname="tests.unit.test_allocator.TestAllocator" name="test_calculate_auto_allocation_zero_ratio_category" time="0.006" /><testcase classname="tests.unit.test_allocator.TestAllocator" name="test_get_calculation_prices_no_start_date" time="0.006" /><testcase classname="tests.unit.test_allocator.TestAllocator" name="test_calculate_dynamic_quantities_missing_price" time="0.007" /><testcase classname="tests.unit.test_allocator.TestAllocator" name="test_calculate_dynamic_quantities_with_percentage" time="0.006" /><testcase classname="tests.unit.test_allocator.TestAllocator" name="test_calculate_dynamic_quantities_with_amount" time="0.007" /><testcase classname="tests.unit.test_backtest_models.TestPortfolioBacktestResults" name="test_portfolio_results_creation" time="0.001" /><testcase classname="tests.unit.test_allocator.TestAllocator" name="test_calculate_auto_allocation_quantities_basic" time="0.007" /><testcase classname="tests.unit.test_allocator.TestAllocator" name="test_get_calculation_prices_fallback_to_current" time="0.011" /><testcase classname="tests.unit.test_allocator.TestAllocator" name="test_get_calculation_prices_with_start_date" time="0.010" /><testcase classname="tests.unit.test_backtest_models.TestBacktestResult" name="test_backtest_result_serialization" time="0.001" /><testcase classname="tests.unit.test_config.TestTickerConfig" name="test_ticker_with_full_details" time="0.001" /><testcase classname="tests.unit.test_backtest_models.TestBacktestResult" name="test_backtest_result_negative_return" time="0.001" /><testcase classname="tests.unit.test_backtest_models.TestStrategyBacktestSummary" name="test_strategy_summary_creation" time="0.000" /><testcase classname="tests.unit.test_config.TestTickerConfig" name="test_ticker_multiple_allocations_raises_error" time="0.001" /><testcase classname="tests.unit.test_backtest_models.TestPortfolioBacktestResults" name="test_portfolio_results_empty_strategies" time="0.001" /><testcase classname="tests.unit.test_backtest_models.TestStrategyBacktestSummary" name="test_strategy_summary_no_results" time="0.000" /><testcase classname="tests.unit.test_config.TestTickerConfig" name="test_ticker_with_quantity" time="0.000" /><testcase classname="tests.unit.test_config.TestTickerConfig" name="test_ticker_with_allocation_amount" time="0.001" /><testcase classname="tests.unit.test_backtest_models.TestPortfolioBacktestResults" name="test_portfolio_results_serialization" time="0.000" /><testcase classname="tests.unit.test_config.TestPortfolioConfig" name="test_default_portfolio_config" time="0.000" /><testcase classname="tests.unit.test_backtest_models.TestStrategyBacktestSummary" name="test_strategy_summary_all_winning" time="0.001" /><testcase classname="tests.unit.test_config.TestPortfolioConfig" name="test_auto_allocation_without_ratios_raises_error" time="0.002" /><testcase classname="tests.unit.test_config.TestTickerConfig" name="test_ticker_with_allocation_pct" time="0.000" /><testcase classname="tests.unit.test_config.TestPortfolioConfig" name="test_dynamic_allocation_exceeds_capital_raises_error" time="0.001" /><testcase classname="tests.unit.test_config.TestPortfolioConfig" name="test_auto_allocation_ratios_not_sum_to_one_raises_error" time="0.001" /><testcase classname="tests.unit.test_backtest_models.TestPortfolioBacktestResults" name="test_portfolio_results_timestamp" time="0.001" /><testcase classname="tests.unit.test_config.TestTickerConfig" name="test_ticker_with_category_only" time="0.001" /><testcase classname="tests.unit.test_config.TestPortfolioConfig" name="test_auto_allocation_config" time="0.000" /><testcase classname="tests.unit.test_config.TestTickerConfig" name="test_ticker_no_allocation_no_category_raises_error" time="0.002" /><testcase classname="tests.unit.test_config.TestDataConfig" name="test_data_config_with_dates" time="0.001" /><testcase classname="tests.unit.test_config.TestDataConfig" name="test_data_config_defaults" time="0.001" /><testcase classname="tests.unit.test_config.TestStrategyConfigs" name="test_sma_cross_config" time="0.000" /><testcase classname="tests.unit.test_config.TestBacktestConfig" name="test_backtest_config_defaults" time="0.001" /><testcase classname="tests.unit.test_config.TestStrategyConfigs" name="test_macd_config" time="0.001" /><testcase classname="tests.unit.test_config.TestStrategyConfigs" name="test_rsi_invalid_thresholds_raises_error" time="0.001" /><testcase classname="tests.unit.test_config.TestPortfolioConfig" name="test_risk_management_settings" time="0.001" /><testcase classname="tests.unit.test_config.TestBacktestConfig" name="test_backtest_with_strategies" time="0.000" /><testcase classname="tests.unit.test_config.TestForecastConfig" name="test_forecast_config_defaults" time="0.000" /><testcase classname="tests.unit.test_config.TestPortfolioConfig" name="test_dynamic_allocation_config" time="0.001" /><testcase classname="tests.unit.test_config.TestStrategyConfigs" name="test_sma_cross_invalid_periods_raises_error" time="0.001" /><testcase classname="tests.unit.test_config.TestForecastConfig" name="test_forecast_config_custom" time="0.001" /><testcase classname="tests.unit.test_config.TestDataConfig" name="test_data_config_with_date_objects" time="0.001" /><testcase classname="tests.unit.test_config.TestForecastConfig" name="test_forecast_with_test_dates_requires_train_dates" time="0.002" /><testcase classname="tests.unit.test_config.TestForecastConfig" name="test_forecast_with_only_forecast_length" time="0.001" /><testcase classname="tests.unit.test_config.TestForecastConfig" name="test_forecast_length_and_test_dates_mutual_exclusivity" time="0.001" /><testcase classname="tests.unit.test_config.TestStrategyConfigs" name="test_strategy_config" time="0.000" /><testcase classname="tests.unit.test_config.TestForecastConfig" name="test_forecast_with_only_test_dates" time="0.000" /><testcase classname="tests.unit.test_config.TestLoggingConfig" name="test_logging_config_defaults" time="0.000" /><testcase classname="tests.unit.test_config.TestStrategyConfigs" name="test_rsi_config" time="0.001" /><testcase classname="tests.unit.test_config.TestTechnicalAnalysisConfig" name="test_ta_config_defaults" time="0.001" /><testcase classname="tests.unit.test_config.TestLoggingConfig" name="test_logging_config_custom" time="0.000" /><testcase classname="tests.unit.test_config.TestTechnicalAnalysisConfig" name="test_ta_config_custom" time="0.000" /><testcase classname="tests.unit.test_config.TestStockulaConfig" name="test_stockula_config_defaults" time="0.000" /><testcase classname="tests.unit.test_config.TestStockulaConfig" name="test_stockula_config_custom" time="0.002" /><testcase classname="tests.unit.test_config.TestSettingsModule" name="test_parse_strategy_config_smacross" time="0.001" /><testcase classname="tests.unit.test_config.TestConfigLoading" name="test_load_config_no_file_uses_defaults" time="0.004" /><testcase classname="tests.unit.test_config.TestSettingsModule" name="test_load_yaml_config_success" time="0.006" /><testcase classname="tests.unit.test_config.TestConfigLoading" name="test_save_config" time="0.017" /><testcase classname="tests.unit.test_config.TestSettingsModule" name="test_parse_strategy_config_rsi" time="0.001" /><testcase classname="tests.unit.test_config.TestSettingsModule" name="test_load_yaml_config_file_not_found" time="0.001" /><testcase classname="tests.unit.test_config.TestSettingsModule" name="test_parse_strategy_config_no_parameters" time="0.001" /><testcase classname="tests.unit.test_config.TestConfigLoading" name="test_load_config_missing_file" time="0.003" /><testcase classname="tests.unit.test_config.TestSettingsModule" name="test_parse_strategy_config_no_name" time="0.001" /><testcase classname="tests.unit.test_config.TestConfigLoading" name="test_config_yaml_serialization" time="0.008" /><testcase classname="tests.unit.test_config.TestConfigLoading" name="test_environment_variable_override" time="0.022" /><testcase classname="tests.unit.test_config.TestSettingsModule" name="test_parse_strategy_config_macd" time="0.001" /><testcase classname="tests.unit.test_config.TestSettingsModule" name="test_load_config_with_alternative_default_files" time="0.012" /><testcase classname="tests.unit.test_config.TestConfigLoading" name="test_load_config_from_file" time="0.020" /><testcase classname="tests.unit.test_config.TestSettingsModule" name="test_parse_strategy_config_unknown_strategy" time="0.001" /><testcase classname="tests.unit.test_database_manager.TestDatabaseManagerInitialization" name="test_initialization_default_path" time="0.034" /><testcase classname="tests.unit.test_database_manager.TestDatabaseManagerInitialization" name="test_foreign_key_constraints_enabled" time="0.040" /><testcase classname="tests.unit.test_config.TestSettingsModule" name="test_parse_strategy_config_case_insensitive" time="0.000" /><testcase classname="tests.unit.test_config.TestSettingsModule" name="test_load_config_with_strategies" time="0.011" /><testcase classname="tests.unit.test_config.TestSettingsModule" name="test_load_config_with_default_files" time="0.015" /><testcase classname="tests.unit.test_database_manager.TestDatabaseManagerInitialization" name="test_initialization_creates_indexes" time="0.045" /><testcase classname="tests.unit.test_database_manager.TestDatabaseManagerInitialization" name="test_initialization_creates_tables" time="0.039" /><testcase classname="tests.unit.test_config.TestSettingsModule" name="test_load_config_backtest_without_strategies" time="0.002" /><testcase classname="tests.unit.test_config.TestSettingsModule" name="test_load_config_environment_settings" time="0.003" /><testcase classname="tests.unit.test_database_manager.TestStockInfoOperations" name="test_store_stock_info_update" time="0.074" /><testcase classname="tests.unit.test_database_manager.TestStockInfoOperations" name="test_get_stock_info_not_found" time="0.061" /><testcase classname="tests.unit.test_database_manager.TestStockInfoOperations" name="test_store_stock_info" time="0.070" /><testcase classname="tests.unit.test_database_manager.TestConnectionManagement" name="test_get_connection_context_manager" time="0.036" /><testcase classname="tests.unit.test_database_manager.TestBackwardCompatibility" name="test_bulk_add_price_data" time="0.080" /><testcase classname="tests.unit.test_database_manager.TestStockInfoOperations" name="test_get_stock_info" time="0.067" /><testcase classname="tests.unit.test_database_manager.TestBackwardCompatibility" name="test_add_stock" time="0.049" /><testcase classname="tests.unit.test_database_manager.TestOptionsData" name="test_get_options_chain" time="0.084" /><testcase classname="tests.unit.test_database_manager.TestErrorHandling" name="test_store_empty_dataframe" time="0.034" /><testcase classname="tests.unit.test_database_manager.TestPriceHistoryOperations" name="test_store_price_history_with_interval" time="0.084" /><testcase classname="tests.unit.test_database_manager.TestPriceHistoryOperations" name="test_get_price_history" time="0.084" /><testcase classname="tests.unit.test_database_manager.TestDividendsAndSplits" name="test_store_and_get_dividends" time="0.053" /><testcase classname="tests.unit.test_database_manager.TestPriceHistoryOperations" name="test_get_price_history_with_date_range" time="0.069" /><testcase classname="tests.unit.test_database_manager.TestOptionsData" name="test_store_options_chain" time="0.038" /><testcase classname="tests.unit.test_database_manager.TestPriceHistoryOperations" name="test_store_price_history" time="0.100" /><testcase classname="tests.unit.test_database_manager.TestDividendsAndSplits" name="test_get_dividends_with_date_range" time="0.086" /><testcase classname="tests.unit.test_database_manager.TestUtilityMethods" name="test_get_all_symbols" time="0.071" /><testcase classname="tests.unit.test_database_manager.TestPriceHistoryOperations" name="test_get_latest_price" time="0.037" /><testcase classname="tests.unit.test_database_manager.TestUtilityMethods" name="test_get_database_stats" time="0.061" /><testcase classname="tests.unit.test_database_manager.TestPriceHistoryOperations" name="test_has_data" time="0.037" /><testcase classname="tests.unit.test_database_manager.TestErrorHandling" name="test_invalid_json_in_stock_info" time="0.021" /><testcase classname="tests.unit.test_database_manager.TestConnectionManagement" name="test_vacuum_operation" time="0.270" /><testcase classname="tests.unit.test_database_manager.TestBackwardCompatibility" name="test_add_price_data" time="0.033" /><testcase classname="tests.unit.test_database_manager.TestDatabaseFixtures" name="test_database_cleanup_happens" time="0.001" /><testcase classname="tests.unit.test_domain.TestAsset" name="test_asset_string_representation" time="0.001" /><testcase classname="tests.unit.test_domain.TestTicker" name="test_ticker_defaults" time="0.001" /><testcase classname="tests.unit.test_domain.TestTicker" name="test_ticker_creation" time="0.001" /><testcase classname="tests.unit.test_database_manager.TestUtilityMethods" name="test_cleanup_old_data" time="0.046" /><testcase classname="tests.unit.test_domain.TestCategory" name="test_category_values" time="0.000" /><testcase classname="tests.unit.test_domain.TestPortfolio" name="test_portfolio_creation" time="0.001" /><testcase classname="tests.unit.test_domain.TestPortfolio" name="test_add_asset" time="0.002" /><testcase classname="tests.unit.test_database_manager.TestConnectionManagement" name="test_transaction_rollback" time="0.020" /><testcase classname="tests.unit.test_domain.TestPortfolio" name="test_add_duplicate_asset_raises_error" time="0.001" /><testcase classname="tests.unit.test_database_manager.TestBackwardCompatibility" name="test_get_latest_price_date" time="0.043" /><testcase classname="tests.unit.test_database_manager.TestConnectionManagement" name="test_conn_property" time="0.022" /><testcase classname="tests.unit.test_domain.TestTickerRegistry" name="test_all_tickers" time="0.001" /><testcase classname="tests.unit.test_domain.TestTickerRegistry" name="test_clear_registry" time="0.001" /><testcase classname="tests.unit.test_database_manager.TestDividendsAndSplits" name="test_store_and_get_splits" time="0.035" /><testcase classname="tests.unit.test_domain.TestTicker" name="test_ticker_hash" time="0.001" /><testcase classname="tests.unit.test_domain.TestDomainFactory" name="test_create_portfolio_basic" time="0.002" /><testcase classname="tests.unit.test_domain.TestDomainFactory" name="test_create_portfolio_with_dynamic_allocation" time="0.003" /><testcase classname="tests.unit.test_domain.TestPortfolio" name="test_get_all_assets" time="0.012" /><testcase classname="tests.unit.test_domain.TestPortfolio" name="test_get_asset_by_symbol" time="0.012" /><testcase classname="tests.unit.test_domain.TestDomainFactory" name="test_create_portfolio_with_auto_allocation" time="0.002" /><testcase classname="tests.unit.test_domain.TestPortfolio" name="test_get_assets_by_category" time="0.014" /><testcase classname="tests.unit.test_domain.TestDomainFactory" name="test_create_portfolio_insufficient_allocation" time="0.001" /><testcase classname="tests.unit.test_domain.TestDomainFactoryAdvanced" name="test_create_portfolio_edge_cases" time="0.001" /><testcase classname="tests.unit.test_domain.TestDomainFactory" name="test_get_all_tickers" time="0.002" /><testcase classname="tests.unit.test_domain.TestPortfolio" name="test_get_allocation_by_category" time="0.013" /><testcase classname="tests.unit.test_domain.TestTicker" name="test_ticker_equality" time="0.001" /><testcase classname="tests.unit.test_domain.TestPortfolio" name="test_validate_capital_sufficiency" time="1.064" /><testcase classname="tests.unit.test_domain.TestAsset" name="test_asset_without_category" time="0.001" /><testcase classname="tests.unit.test_domain.TestPortfolio" name="test_validate_allocation_constraints" time="0.395" /><testcase classname="tests.unit.test_domain.TestDomainFactoryAdvanced" name="test_factory_methods_consistency" time="0.001" /><testcase classname="tests.unit.test_domain.TestDomainFactoryAdvanced" name="test_create_portfolio_dynamic_allocation_error_handling" time="0.002" /><testcase classname="tests.unit.test_domain.TestDomainFactoryAdvanced" name="test_allocation_amount_calculation" time="0.002" /><testcase classname="tests.unit.test_domain.TestTickerRegistryAdvanced" name="test_ticker_registry_update_behavior" time="0.001" /><testcase classname="tests.unit.test_domain.TestDomainFactoryAdvanced" name="test_allocation_percentage_calculation" time="0.003" /><testcase classname="tests.unit.test_domain.TestDomainFactoryErrorScenarios" name="test_create_portfolio_zero_price" time="0.003" /><testcase classname="tests.unit.test_domain.TestPortfolio" name="test_portfolio_value_calculation" time="0.013" /><testcase classname="tests.unit.test_domain.TestPortfolio" name="test_portfolio_value_with_missing_prices" time="0.010" /><testcase classname="tests.unit.test_domain.TestDomainFactoryErrorScenarios" name="test_create_portfolio_missing_prices" time="0.001" /><testcase classname="tests.unit.test_domain.TestTickerRegistryAdvanced" name="test_ticker_registry_concurrent_access" time="0.001" /><testcase classname="tests.unit.test_domain.TestTickerRegistryAdvanced" name="test_ticker_registry_category_handling" time="0.000" /><testcase classname="tests.unit.test_domain.TestAsset" name="test_asset_creation" time="0.001" /><testcase classname="tests.unit.test_domain.TestDomainFactoryAdvanced" name="test_create_portfolio_auto_allocation_categories" time="0.001" /><testcase classname="tests.unit.test_domain.TestAssetAdvanced" name="test_asset_quantity_edge_cases" time="0.001" /><testcase classname="tests.unit.test_domain.TestAssetAdvanced" name="test_asset_value_edge_cases" time="0.000" /><testcase classname="tests.unit.test_domain.TestDateToString" name="test_date_to_string_with_string" time="0.000" /><testcase classname="tests.unit.test_domain.TestDomainFactoryAdvanced" name="test_create_portfolio_with_categories" time="0.001" /><testcase classname="tests.unit.test_domain.TestAssetAdvanced" name="test_asset_category_precedence" time="0.000" /><testcase classname="tests.unit.test_domain.TestDateToString" name="test_date_to_string_with_none" time="0.000" /><testcase classname="tests.unit.test_domain.TestDomainFactoryEdgeCases" name="test_calculate_dynamic_quantities_with_start_date_fallback_to_current" time="0.002" /><testcase classname="tests.unit.test_domain.TestDateToString" name="test_date_to_string_with_date" time="0.000" /><testcase classname="tests.unit.test_domain.TestDomainFactoryEdgeCases" name="test_calculate_dynamic_quantities_date_type_handling" time="0.002" /><testcase classname="tests.unit.test_domain.TestDomainFactoryEdgeCases" name="test_calculate_dynamic_quantities_with_start_date_no_data" time="0.005" /><testcase classname="tests.unit.test_domain.TestDomainFactoryEdgeCases" name="test_create_portfolio_without_config" time="0.002" /><testcase classname="tests.unit.test_domain.TestDomainFactoryEdgeCases" name="test_calculate_dynamic_quantities_with_exception_handling" time="0.002" /><testcase classname="tests.unit.test_domain.TestDomainFactoryEdgeCases" name="test_auto_allocation_with_fractional_shares" time="0.002" /><testcase classname="tests.unit.test_domain.TestDomainFactoryEdgeCases" name="test_calculate_dynamic_quantities_missing_price" time="0.001" /><testcase classname="tests.unit.test_domain.TestDomainFactoryEdgeCases" name="test_create_asset_with_invalid_category" time="0.001" /><testcase classname="tests.unit.test_domain.TestDomainFactoryEdgeCases" name="test_ticker_config_requires_allocation" time="0.001" /><testcase classname="tests.unit.test_domain.TestDomainFactoryEdgeCases" name="test_create_portfolio_with_missing_info" time="1.816" /><testcase classname="tests.unit.test_domain.TestDomainFactoryEdgeCases" name="test_auto_allocation_requires_category_for_all_tickers" time="0.001" /><testcase classname="tests.unit.test_domain.TestDomainFactoryEdgeCases" name="test_auto_allocation_with_no_category_ratios" time="0.001" /><testcase classname="tests.unit.test_domain.TestDomainFactoryEdgeCases" name="test_get_all_tickers_from_factory" time="0.001" /><testcase classname="tests.unit.test_factory_coverage.TestDomainFactoryDateConversion" name="test_date_to_string_with_date_object" time="0.001" /><testcase classname="tests.unit.test_domain.TestDomainFactoryEdgeCases" name="test_auto_allocation_with_zero_ratio_category" time="0.001" /><testcase classname="tests.unit.test_factory_coverage.TestDomainFactoryDateConversion" name="test_date_to_string_with_none" time="0.000" /><testcase classname="tests.unit.test_factory_coverage.TestDomainFactoryAssetCreation" name="test_create_asset_with_no_quantity" time="0.001" /><testcase classname="tests.unit.test_factory_coverage.TestDomainFactoryAssetCreation" name="test_create_asset_with_calculated_quantity" time="0.000" /><testcase classname="tests.unit.test_factory_coverage.TestDomainFactoryAssetCreation" name="test_create_asset_with_invalid_category" time="0.001" /><testcase classname="tests.unit.test_factory_coverage.TestDomainFactoryDynamicQuantities" name="test_calculate_dynamic_quantities_fractional_shares_disabled" time="0.002" /><testcase classname="tests.unit.test_factory_coverage.TestDomainFactoryDynamicQuantities" name="test_calculate_dynamic_quantities_no_allocator" time="0.002" /><testcase classname="tests.unit.test_factory_coverage.TestDomainFactoryDynamicQuantities" name="test_calculate_dynamic_quantities_with_date_string" time="0.002" /><testcase classname="tests.unit.test_factory_coverage.TestDomainFactoryDynamicQuantities" name="test_calculate_dynamic_quantities_no_allocation" time="0.002" /><testcase classname="tests.unit.test_factory_coverage.TestDomainFactoryDynamicQuantities" name="test_dynamic_allocation_with_start_date_no_data" time="0.003" /><testcase classname="tests.unit.test_factory_coverage.TestDomainFactoryAutoAllocation" name="test_auto_allocation_no_category_ratios" time="0.001" /><testcase classname="tests.unit.test_factory_coverage.TestDomainFactoryDynamicQuantities" name="test_calculate_dynamic_quantities_missing_price" time="0.001" /><testcase classname="tests.unit.test_factory_coverage.TestDomainFactoryAutoAllocation" name="test_auto_allocation_missing_price" time="0.001" /><testcase classname="tests.unit.test_factory_coverage.TestDomainFactoryDynamicQuantities" name="test_calculate_dynamic_quantities_exception_handling" time="0.002" /><testcase classname="tests.unit.test_factory_coverage.TestDomainFactoryAutoAllocation" name="test_auto_allocation_no_tickers_in_category" time="0.001" /><testcase classname="tests.unit.test_factory_coverage.TestDomainFactoryAutoAllocation" name="test_auto_allocation_missing_category" time="0.001" /><testcase classname="tests.unit.test_factory_coverage.TestDomainFactoryAutoAllocation" name="test_auto_allocation_no_fetcher" time="0.001" /><testcase classname="tests.unit.test_factory_coverage.TestDomainFactoryAutoAllocation" name="test_auto_allocation_integer_shares_expensive_stock" time="0.002" /><testcase classname="tests.unit.test_factory_coverage.TestDomainFactoryAutoAllocation" name="test_auto_allocation_redistribution_small_positions" time="0.001" /><testcase classname="tests.unit.test_factory_coverage.TestDomainFactoryAutoAllocation" name="test_auto_allocation_with_historical_prices" time="0.002" /><testcase classname="tests.unit.test_factory_coverage.TestDomainFactoryAutoAllocation" name="test_auto_allocation_zero_ratio_category" time="0.001" /><testcase classname="tests.unit.test_factory_coverage.TestDomainFactoryPortfolioCreation" name="test_create_portfolio_with_dynamic_allocation_zero_quantity" time="0.002" /><testcase classname="tests.unit.test_factory_coverage.TestDomainFactoryAutoAllocation" name="test_auto_allocation_fractional_shares" time="0.001" /><testcase classname="tests.unit.test_factory_coverage.TestDomainFactoryIntegration" name="test_factory_with_custom_ticker_registry" time="0.000" /><testcase classname="tests.unit.test_factory_coverage.TestDomainFactoryPortfolioCreation" name="test_create_portfolio_static_allocation_with_validation" time="0.001" /><testcase classname="tests.unit.test_fetcher.TestDataFetcherInitialization" name="test_initialization_with_defaults" time="0.001" /><testcase classname="tests.unit.test_fetcher.TestDataFetcherInitialization" name="test_initialization_without_cache" time="0.000" /><testcase classname="tests.unit.test_fetcher.TestDataFetcherInitialization" name="test_initialization_with_custom_db_path" time="0.001" /><testcase classname="tests.unit.test_factory_coverage.TestDomainFactoryIntegration" name="test_get_all_tickers_empty" time="0.001" /><testcase classname="tests.unit.test_fetcher.TestDataFetcherStockData" name="test_get_stock_data_no_cache" time="0.004" /><testcase classname="tests.unit.test_fetcher.TestDataFetcherStockData" name="test_get_stock_data_with_cache_miss" time="0.004" /><testcase classname="tests.unit.test_fetcher.TestDataFetcherRealtimePrice" name="test_get_realtime_price_success" time="0.003" /><testcase classname="tests.unit.test_fetcher.TestDataFetcherStockData" name="test_get_stock_data_exception_handling" time="0.002" /><testcase classname="tests.unit.test_fetcher.TestDataFetcherStockData" name="test_get_stock_data_force_refresh" time="0.004" /><testcase classname="tests.unit.test_fetcher.TestDataFetcherStockData" name="test_get_stock_data_with_cache_hit" time="0.004" /><testcase classname="tests.unit.test_fetcher.TestDataFetcherStockData" name="test_get_stock_data_empty_response" time="0.002" /><testcase classname="tests.unit.test_fetcher.TestDataFetcherRealtimePrice" name="test_get_realtime_price_no_data" time="0.001" /><testcase classname="tests.unit.test_fetcher.TestDataFetcherInfo" name="test_get_info_with_cache_hit" time="0.001" /><testcase classname="tests.unit.test_fetcher.TestDataFetcherRealtimePrice" name="test_get_realtime_price_exception" time="0.002" /><testcase classname="tests.unit.test_fetcher.TestDataFetcherInfo" name="test_get_info_with_cache_miss" time="0.002" /><testcase classname="tests.unit.test_fetcher.TestDataFetcherInfo" name="test_get_info_no_cache" time="0.001" /><testcase classname="tests.unit.test_fetcher.TestDataFetcherInfo" name="test_get_info_force_refresh" time="0.002" /><testcase classname="tests.unit.test_fetcher.TestDataFetcherDividendsAndSplits" name="test_get_dividends" time="0.003" /><testcase classname="tests.unit.test_fetcher.TestDataFetcherDividendsAndSplits" name="test_get_splits" time="0.002" /><testcase classname="tests.unit.test_fetcher.TestDataFetcherOptions" name="test_get_options_chain_no_data" time="0.002" /><testcase classname="tests.unit.test_fetcher.TestDataFetcherOptions" name="test_get_options_chain" time="0.003" /><testcase classname="tests.unit.test_fetcher.TestDataFetcherBulkOperations" name="test_fetch_and_store_all_data" time="0.006" /><testcase classname="tests.unit.test_fetcher.TestDataFetcherBulkOperations" name="test_get_multiple_stocks" time="0.002" /><testcase classname="tests.unit.test_fetcher.TestDataFetcherHelpers" name="test_data_fetcher_attributes" time="0.001" /><testcase classname="tests.unit.test_fetcher.TestDataFetcherCacheManagement" name="test_cache_partial_data_fetch" time="0.003" /><testcase classname="tests.unit.test_fetcher.TestDataFetcherHelpers" name="test_concurrent_requests" time="0.003" /><testcase classname="tests.unit.test_fetcher.TestDataFetcherErrorHandling" name="test_database_error_fallback" time="0.003" /><testcase classname="tests.unit.test_fetcher.TestDataFetcherCurrentPrices" name="test_get_current_prices_with_info_fallback" time="0.001" /><testcase classname="tests.unit.test_fetcher.TestDataFetcherErrorHandling" name="test_get_multiple_stocks_with_errors" time="0.002" /><testcase classname="tests.unit.test_fetcher.TestDataFetcherCurrentPrices" name="test_get_current_prices_with_regular_market_price_fallback" time="0.001" /><testcase classname="tests.unit.test_fetcher.TestDataFetcherHelpers" name="test_invalid_date_formats" time="0.002" /><testcase classname="tests.unit.test_fetcher.TestDataFetcherOptionsChainAdvanced" name="test_get_options_chain_with_cache_hit" time="0.002" /><testcase classname="tests.unit.test_fetcher.TestDataFetcherCurrentPrices" name="test_get_current_prices_single_string_input" time="0.002" /><testcase classname="tests.unit.test_fetcher.TestDataFetcherCurrentPrices" name="test_get_current_prices_with_exception" time="0.002" /><testcase classname="tests.unit.test_fetcher.TestDataFetcherCurrentPrices" name="test_get_current_prices_no_price_available" time="0.002" /><testcase classname="tests.unit.test_fetcher.TestDataFetcherOptionsChainAdvanced" name="test_get_options_chain_with_exception" time="0.004" /><testcase classname="tests.unit.test_fetcher.TestDataFetcherOptionsChainAdvanced" name="test_get_options_chain_default_expiration" time="0.002" /><testcase classname="tests.unit.test_fetcher.TestDataFetcherDividendsAndSplitsAdvanced" name="test_get_dividends_with_date_filtering" time="0.004" /><testcase classname="tests.unit.test_fetcher.TestDataFetcherDividendsAndSplitsAdvanced" name="test_get_dividends_with_cache_hit" time="0.001" /><testcase classname="tests.unit.test_fetcher.TestDataFetcherDividendsAndSplitsAdvanced" name="test_get_splits_with_date_filtering" time="0.003" /><testcase classname="tests.unit.test_fetcher.TestDataFetcherDividendsAndSplitsAdvanced" name="test_get_splits_with_cache_hit" time="0.003" /><testcase classname="tests.unit.test_fetcher.TestDataFetcherBulkOperationsAdvanced" name="test_fetch_and_store_all_data_with_errors" time="0.002" /><testcase classname="tests.unit.test_fetcher.TestDataFetcherUtilityMethods" name="test_get_database_stats_without_cache" time="0.001" /><testcase classname="tests.unit.test_fetcher.TestDataFetcherBulkOperationsAdvanced" name="test_fetch_and_store_all_data_cache_disabled" time="0.001" /><testcase classname="tests.unit.test_fetcher.TestDataFetcherUtilityMethods" name="test_cleanup_old_data_without_cache" time="0.001" /><testcase classname="tests.unit.test_fetcher.TestDataFetcherUtilityMethods" name="test_get_cached_symbols_without_cache" time="0.001" /><testcase classname="tests.unit.test_fetcher.TestDataFetcherUtilityMethods" name="test_cleanup_old_data_with_cache" time="0.001" /><testcase classname="tests.unit.test_fetcher.TestDataFetcherUtilityMethods" name="test_initialization_with_injected_database_manager" time="0.001" /><testcase classname="tests.unit.test_fetcher.TestDataFetcherUtilityMethods" name="test_disable_cache" time="0.002" /><testcase classname="tests.unit.test_fetcher.TestDataFetcherTreasuryRates" name="test_get_treasury_rate_from_yfinance" time="0.003" /><testcase classname="tests.unit.test_fetcher.TestDataFetcherTreasuryRates" name="test_get_treasury_rates_range" time="0.006" /><testcase classname="tests.unit.test_fetcher.TestDataFetcherTreasuryRates" name="test_get_treasury_rate_from_cache" time="0.003" /><testcase classname="tests.unit.test_fetcher.TestDataFetcherUtilityMethods" name="test_enable_cache" time="0.002" /><testcase classname="tests.unit.test_fetcher.TestDataFetcherTreasuryRates" name="test_treasury_tickers" time="0.001" /><testcase classname="tests.unit.test_fetcher.TestDataFetcherTreasuryRates" name="test_get_average_treasury_rate" time="0.001" /><testcase classname="tests.unit.test_fetcher.TestDataFetcherTreasuryRates" name="test_treasury_rate_caching_behavior" time="0.003" /><testcase classname="tests.unit.test_fetcher.TestDataFetcherTreasuryRates" name="test_get_average_treasury_rate_empty" time="0.001" /><testcase classname="tests.unit.test_fetcher.TestDataFetcherTreasuryRates" name="test_treasury_percentage_vs_decimal_conversion" time="0.001" /><testcase classname="tests.unit.test_fetcher.TestDataFetcherTreasuryRates" name="test_get_current_treasury_rate" time="0.002" /><testcase classname="tests.unit.test_fetcher.TestDataFetcherTreasuryRates" name="test_different_treasury_duration_types" time="0.002" /><testcase classname="tests.unit.test_fetcher.TestDataFetcherProgressBars" name="test_get_current_prices_progress_with_info_fallback" time="0.005" /><testcase classname="tests.unit.test_fetcher.TestDataFetcherTreasuryRates" name="test_treasury_rate_error_handling" time="0.002" /><testcase classname="tests.unit.test_fetcher.TestDataFetcherProgressBars" name="test_get_current_prices_progress_with_exception" time="0.003" /><testcase classname="tests.unit.test_fetcher.TestDataFetcherProgressBars" name="test_get_current_prices_with_progress_bar" time="0.008" /><testcase classname="tests.unit.test_fetcher.TestDataFetcherProgressBars" name="test_get_current_prices_progress_with_warning" time="0.004" /><testcase classname="tests.unit.test_fetcher.TestDataFetcherBatchOperations" name="test_get_stock_data_batch_all_cached" time="0.002" /><testcase classname="tests.unit.test_fetcher.TestDataFetcherBatchOperations" name="test_get_stock_data_batch_multiple_symbols" time="0.006" /><testcase classname="tests.unit.test_fetcher.TestDataFetcherBatchOperations" name="test_get_stock_data_batch_download_error_fallback" time="0.002" /><testcase classname="tests.unit.test_fetcher.TestDataFetcherCurrentPricesBatch" name="test_get_current_prices_batch_with_fast_info" time="0.001" /><testcase classname="tests.unit.test_fetcher.TestDataFetcherBatchOperations" name="test_get_stock_data_batch_single_symbol" time="0.002" /><testcase classname="tests.unit.test_fetcher.TestDataFetcherBatchOperations" name="test_get_stock_data_batch_individual_fallback_error" time="1.311" /><testcase classname="tests.unit.test_fetcher.TestDataFetcherCurrentPricesBatch" name="test_get_current_prices_batch_complete_fallback_failure" time="0.002" /><testcase classname="tests.unit.test_fetcher.TestDataFetcherCurrentPricesBatch" name="test_get_current_prices_batch_with_error_and_individual_fallback" time="0.001" /><testcase classname="tests.unit.test_fetcher.TestDataFetcherBatchOperations" name="test_get_stock_data_batch_with_missing_symbol" time="0.005" /><testcase classname="tests.unit.test_fetcher.TestDataFetcherLifecycleManagement" name="test_close_method_owns_db" time="0.001" /><testcase classname="tests.unit.test_fetcher.TestDataFetcherCurrentPricesBatch" name="test_get_current_prices_batch_with_info_fallback" time="0.001" /><testcase classname="tests.unit.test_fetcher.TestDataFetcherLifecycleManagement" name="test_del_method_calls_close" time="0.001" /><testcase classname="tests.unit.test_fetcher.TestDataFetcherTreasuryAdvanced" name="test_get_treasury_rates_from_cache" time="0.002" /><testcase classname="tests.unit.test_fetcher.TestDataFetcherTreasuryAdvanced" name="test_get_treasury_rates_caching" time="0.002" /><testcase classname="tests.unit.test_fetcher.TestDataFetcherTreasuryAdvanced" name="test_get_treasury_rates_with_progress" time="0.003" /><testcase classname="tests.unit.test_fetcher.TestDataFetcherTreasuryAdvanced" name="test_fetch_rates_from_yfinance_empty_data" time="0.001" /><testcase classname="tests.unit.test_fetcher.TestDataFetcherTreasuryAdvanced" name="test_fetch_rates_from_yfinance_with_progress" time="0.003" /><testcase classname="tests.unit.test_fetcher.TestDataFetcherTreasuryAdvanced" name="test_fetch_rates_from_yfinance_without_progress" time="0.002" /><testcase classname="tests.unit.test_fetcher.TestDataFetcherTreasuryAdvanced" name="test_fetch_rates_from_yfinance_error_handling" time="0.001" /><testcase classname="tests.unit.test_fetcher.TestDataFetcherLifecycleManagement" name="test_del_method_handles_exception" time="0.001" /><testcase classname="tests.unit.test_fetcher.TestDataFetcherTreasuryAdvanced" name="test_fetch_rates_from_yfinance_non_irx_ticker" time="0.001" /><testcase classname="tests.unit.test_fetcher.TestDataFetcherTreasuryAdvanced" name="test_get_cached_rates_no_db" time="0.001" /><testcase classname="tests.unit.test_fetcher.TestDataFetcherTreasuryAdvanced" name="test_get_cached_rate_with_data" time="0.001" /><testcase classname="tests.unit.test_fetcher.TestDataFetcherTreasuryAdvanced" name="test_get_cached_rate_db_none_check" time="0.001" /><testcase classname="tests.unit.test_fetcher.TestDataFetcherTreasuryAdvanced" name="test_get_cached_rates_db_none_check" time="0.001" /><testcase classname="tests.unit.test_fetcher.TestDataFetcherTreasuryAdvanced" name="test_get_cached_rate_no_db" time="0.001" /><testcase classname="tests.unit.test_fetcher.TestDataFetcherTreasuryAdvanced" name="test_cache_rate_no_db" time="0.001" /><testcase classname="tests.unit.test_fetcher.TestDataFetcherTreasuryAdvanced" name="test_get_cached_rates_with_data" time="0.002" /><testcase classname="tests.unit.test_fetcher.TestDataFetcherTreasuryAdvanced" name="test_cache_rate_db_none_check" time="0.001" /><testcase classname="tests.unit.test_fetcher.TestDataFetcherTreasuryAdvanced" name="test_cache_rates_no_db_or_empty" time="0.001" /><testcase classname="tests.unit.test_fetcher.TestDataFetcherTreasuryAdvanced" name="test_cache_rate_with_db" time="0.001" /><testcase classname="tests.unit.test_fetcher.TestDataFetcherTreasuryAdvanced" name="test_cache_rates_with_db" time="0.001" /><testcase classname="tests.unit.test_forecaster.TestSuppressAutoTSOutput" name="test_no_suppress_when_debug" time="0.002" /><testcase classname="tests.unit.test_forecaster.TestSuppressAutoTSOutput" name="test_suppress_warnings" time="0.003" /><testcase classname="tests.unit.test_forecaster.TestSuppressAutoTSOutput" name="test_suppress_stdout_when_not_debug" time="0.003" /><testcase classname="tests.unit.test_forecaster.TestSuppressAutoTSOutput" name="test_filtered_stream_getattr" time="0.002" /><testcase classname="tests.unit.test_forecaster.TestSuppressAutoTSOutput" name="test_filtered_stream_flush" time="0.002" /><testcase classname="tests.unit.test_forecaster.TestSuppressAutoTSOutput" name="test_filtered_stream_non_debug_mode_patterns" time="0.001" /><testcase classname="tests.unit.test_forecaster.TestStockForecasterInitialization" name="test_initialization_with_defaults" time="0.000" /><testcase classname="tests.unit.test_forecaster.TestStockForecasterInitialization" name="test_init_with_preset_model_list" time="0.000" /><testcase classname="tests.unit.test_forecaster.TestStockForecasterInitialization" name="test_initialization_with_custom_params" time="0.000" /><testcase classname="tests.unit.test_forecaster.TestStockForecasterInitialization" name="test_init_with_custom_model_list" time="0.000" /><testcase classname="tests.unit.test_forecaster.TestStockForecasterInitialization" name="test_init_with_all_parameters" time="0.000" /><testcase classname="tests.unit.test_forecaster.TestStockForecasterFit" name="test_fit_missing_target_column" time="0.001" /><testcase classname="tests.unit.test_forecaster.TestStockForecasterFit" name="test_fit_with_valid_data" time="0.005" /><testcase classname="tests.unit.test_forecaster.TestStockForecasterFit" name="test_fit_with_custom_parameters" time="0.005" /><testcase classname="tests.unit.test_forecaster.TestStockForecasterFit" name="test_fit_keyboard_interrupt" time="0.007" /><testcase classname="tests.unit.test_forecaster.TestStockForecasterFit" name="test_fit_with_custom_target_column" time="0.006" /><testcase classname="tests.unit.test_forecaster.TestStockForecasterFit" name="test_fit_general_exception" time="0.005" /><testcase classname="tests.unit.test_forecaster.TestStockForecasterFit" name="test_fit_with_insufficient_data" time="0.005" /><testcase classname="tests.unit.test_forecaster.TestStockForecasterFit" name="test_fit_with_frequency_detection" time="0.004" /><testcase classname="tests.unit.test_forecaster.TestStockForecasterPredict" name="test_predict_without_fitted_model" time="0.000" /><testcase classname="tests.unit.test_forecaster.TestStockForecasterPredict" name="test_predict_with_fitted_model" time="0.002" /><testcase classname="tests.unit.test_forecaster.TestStockForecasterForecastFromSymbol" name="test_forecast_from_symbol_no_data_fetcher" time="0.000" /><testcase classname="tests.unit.test_forecaster.TestStockForecasterFitPredict" name="test_fit_predict" time="0.001" /><testcase classname="tests.unit.test_forecaster.TestStockForecasterForecastFromSymbol" name="test_forecast_from_symbol_with_evaluation" time="0.008" /><testcase classname="tests.unit.test_forecaster.TestStockForecasterForecastFromSymbol" name="test_forecast_from_symbol_no_data" time="0.001" /><testcase classname="tests.unit.test_forecaster.TestStockForecasterForecastFromSymbol" name="test_forecast_from_symbol_with_all_parameters" time="0.004" /><testcase classname="tests.unit.test_forecaster.TestStockForecasterForecastFromSymbol" name="test_forecast_from_symbol_success" time="0.001" /><testcase classname="tests.unit.test_forecaster.TestStockForecasterFitPredict" name="test_forecast_alias" time="0.001" /><testcase classname="tests.unit.test_forecaster.TestStockForecasterGetBestModel" name="test_get_best_model_no_accuracy" time="0.000" /><testcase classname="tests.unit.test_forecaster.TestStockForecasterGetBestModel" name="test_get_best_model_info" time="0.001" /><testcase classname="tests.unit.test_forecaster.TestStockForecasterPlotForecast" name="test_plot_forecast_with_prediction" time="0.001" /><testcase classname="tests.unit.test_forecaster.TestStockForecasterPlotForecast" name="test_plot_forecast_no_prediction" time="0.001" /><testcase classname="tests.unit.test_forecaster.TestStockForecasterEdgeCases" name="test_fit_with_empty_data" time="0.001" /><testcase classname="tests.unit.test_forecaster.TestStockForecasterGetBestModel" name="test_get_best_model_not_fitted" time="0.000" /><testcase classname="tests.unit.test_forecaster.TestStockForecasterEdgeCases" name="test_fit_with_non_dataframe" time="0.000" /><testcase classname="tests.unit.test_forecaster.TestStockForecasterEdgeCases" name="test_predict_stores_prediction" time="0.001" /><testcase classname="tests.unit.test_forecaster.TestStockForecasterEdgeCases" name="test_fit_with_signal_handler_error" time="0.004" /><testcase classname="tests.unit.test_forecaster.TestStockForecasterEdgeCases" name="test_filtered_stream_write" time="0.001" /><testcase classname="tests.unit.test_forecaster.TestStockForecasterEdgeCases" name="test_fit_converts_frequency_infer_to_d" time="0.003" /><testcase classname="tests.unit.test_forecaster.TestStockForecasterEdgeCases" name="test_initialization_with_missing_data_fetcher" time="0.000" /><testcase classname="tests.unit.test_forecaster.TestStockForecasterEdgeCases" name="test_get_model_list_fast_financial" time="0.001" /><testcase classname="tests.unit.test_forecaster.TestStockForecasterGetBestModel" name="test_get_best_model_fitted" time="0.001" /><testcase classname="tests.unit.test_forecaster.TestStockForecasterEdgeCases" name="test_fit_frequency_inference_exception" time="0.002" /><testcase classname="tests.unit.test_forecaster.TestStockForecasterEdgeCases" name="test_fit_signal_handler_setup" time="0.002" /><testcase classname="tests.unit.test_forecaster.TestStockForecasterEdgeCases" name="test_forecast_from_symbol_empty_data" time="0.001" /><testcase classname="tests.unit.test_forecaster.TestStockForecasterEdgeCases" name="test_get_model_list_financial" time="0.000" /><testcase classname="tests.unit.test_forecaster.TestStockForecasterEdgeCases" name="test_get_model_list_ultra_fast_with_logging" time="0.001" /><testcase classname="tests.unit.test_forecaster.TestStockForecasterEdgeCases" name="test_evaluate_forecast_with_misaligned_data" time="0.002" /><testcase classname="tests.unit.test_forecaster.TestStockForecasterEdgeCases" name="test_forecast_from_symbol_with_evaluation_and_kwargs" time="0.002" /><testcase classname="tests.unit.test_forecaster.TestStockForecasterEdgeCases" name="test_forecast_from_symbol_with_evaluation_no_test_data" time="0.001" /><testcase classname="tests.unit.test_forecaster.TestStockForecasterEdgeCases" name="test_forecast_from_symbol_with_evaluation_no_common_dates" time="0.002" /><testcase classname="tests.unit.test_forecaster.TestStockForecasterEdgeCases" name="test_fit_debug_logging" time="0.004" /><testcase classname="tests.unit.test_forecaster.TestStockForecasterIntegration" name="test_full_workflow" time="0.005" /><testcase classname="tests.unit.test_indicators.TestBasicIndicators" name="test_sma_calculation" time="0.001" /><testcase classname="tests.unit.test_forecaster.TestStockForecasterIntegration" name="test_logging_messages" time="0.005" /><testcase classname="tests.unit.test_indicators.TestBasicIndicators" name="test_ema_calculation" time="0.002" /><testcase classname="tests.unit.test_indicators.TestBasicIndicators" name="test_rsi_extreme_values" time="0.004" /><testcase classname="tests.unit.test_indicators.TestBasicIndicators" name="test_rsi_calculation" time="0.003" /><testcase classname="tests.unit.test_indicators.TestATRIndicator" name="test_atr_calculation" time="0.002" /><testcase classname="tests.unit.test_indicators.TestMACDIndicator" name="test_macd_calculation" time="0.001" /><testcase classname="tests.unit.test_indicators.TestMACDIndicator" name="test_macd_crossovers" time="0.002" /><testcase classname="tests.unit.test_indicators.TestATRIndicator" name="test_atr_with_gaps" time="0.002" /><testcase classname="tests.unit.test_indicators.TestAdvancedMovingAverages" name="test_tema_calculation" time="0.002" /><testcase classname="tests.unit.test_indicators.TestAdvancedMovingAverages" name="test_trima_calculation" time="0.001" /><testcase classname="tests.unit.test_indicators.TestAdaptiveIndicators" name="test_vidya_calculation" time="0.018" /><testcase classname="tests.unit.test_indicators.TestAdaptiveIndicators" name="test_efficiency_ratio" time="0.004" /><testcase classname="tests.unit.test_indicators.TestAdaptiveIndicators" name="test_frama_calculation" time="0.017" /><testcase classname="tests.unit.test_indicators.TestAdaptiveIndicators" name="test_kama_calculation" time="0.013" /><testcase classname="tests.unit.test_indicators.TestAdaptiveIndicators" name="test_fractal_dimension" time="0.009" /><testcase classname="tests.unit.test_indicators.TestCrossoverDetection" name="test_crossover_detection" time="0.001" /><testcase classname="tests.unit.test_indicators.TestIndicatorEdgeCases" name="test_single_value_series" time="0.001" /><testcase classname="tests.unit.test_indicators.TestIndicatorEdgeCases" name="test_all_same_values" time="0.003" /><testcase classname="tests.unit.test_indicators.TestIndicatorEdgeCases" name="test_empty_series" time="0.002" /><testcase classname="tests.unit.test_indicators.TestIndicatorEdgeCases" name="test_extreme_values" time="0.001" /><testcase classname="tests.unit.test_indicators.TestIndicatorConsistency" name="test_sma_ema_convergence" time="0.001" /><testcase classname="tests.unit.test_indicators.TestIndicatorConsistency" name="test_adaptive_indicator_bounds" time="0.021" /><testcase classname="tests.unit.test_indicators.TestCrossoverDetection" name="test_multiple_crossovers" time="0.001" /><testcase classname="tests.unit.test_interfaces.TestIDataFetcher" name="test_is_abstract_base_class" time="0.000" /><testcase classname="tests.unit.test_indicators.TestVolumeIndicators" name="test_vama_calculation" time="0.001" /><testcase classname="tests.unit.test_interfaces.TestIDataFetcher" name="test_get_stock_data_signature" time="0.001" /><testcase classname="tests.unit.test_interfaces.TestIDataFetcher" name="test_get_current_prices_signature" time="0.000" /><testcase classname="tests.unit.test_indicators.TestCrossoverDetection" name="test_crossunder_detection" time="0.001" /><testcase classname="tests.unit.test_interfaces.TestIDatabaseManager" name="test_has_required_methods" time="0.000" /><testcase classname="tests.unit.test_interfaces.TestIDataFetcher" name="test_cannot_instantiate_directly" time="0.000" /><testcase classname="tests.unit.test_interfaces.TestIDatabaseManager" name="test_is_abstract_base_class" time="0.000" /><testcase classname="tests.unit.test_interfaces.TestIStockForecaster" name="test_is_abstract_base_class" time="0.000" /><testcase classname="tests.unit.test_interfaces.TestIStockForecaster" name="test_has_required_methods" time="0.000" /><testcase classname="tests.unit.test_interfaces.TestIStockForecaster" name="test_forecast_method_signature" time="0.000" /><testcase classname="tests.unit.test_interfaces.TestIDatabaseManager" name="test_cannot_instantiate_directly" time="0.000" /><testcase classname="tests.unit.test_interfaces.TestIBacktestRunner" name="test_has_required_methods" time="0.000" /><testcase classname="tests.unit.test_interfaces.TestIBacktestRunner" name="test_run_method_signature" time="0.000" /><testcase classname="tests.unit.test_interfaces.TestIBacktestRunner" name="test_is_abstract_base_class" time="0.000" /><testcase classname="tests.unit.test_interfaces.TestIDomainFactory" name="test_is_abstract_base_class" time="0.000" /><testcase classname="tests.unit.test_interfaces.TestIDomainFactory" name="test_has_required_methods" time="0.000" /><testcase classname="tests.unit.test_interfaces.TestIDomainFactory" name="test_create_portfolio_signature" time="0.000" /><testcase classname="tests.unit.test_interfaces.TestILoggingManager" name="test_has_required_methods" time="0.000" /><testcase classname="tests.unit.test_interfaces.TestILoggingManager" name="test_is_abstract_base_class" time="0.000" /><testcase classname="tests.unit.test_interfaces.TestITechnicalIndicators" name="test_is_abstract_base_class" time="0.000" /><testcase classname="tests.unit.test_interfaces.TestITechnicalIndicators" name="test_cannot_instantiate_directly" time="0.000" /><testcase classname="tests.unit.test_interfaces.TestITechnicalIndicators" name="test_has_required_methods" time="0.000" /><testcase classname="tests.unit.test_interfaces.TestILoggingManager" name="test_logging_methods_signatures" time="0.001" /><testcase classname="tests.unit.test_interfaces.TestInterfaceIntegration" name="test_interface_method_consistency" time="0.000" /><testcase classname="tests.unit.test_interfaces.TestInterfaceIntegration" name="test_all_interfaces_importable" time="0.000" /><testcase classname="tests.unit.test_interfaces.TestInterfaceUsage" name="test_interface_implementation_pattern" time="0.000" /><testcase classname="tests.unit.test_interfaces.TestInterfaceIntegration" name="test_interface_inheritance_structure" time="0.001" /><testcase classname="tests.unit.test_interfaces.TestInterfaceUsage" name="test_interface_type_checking" time="0.001" /><testcase classname="tests.unit.test_logging_manager.TestLoggingManagerInitialization" name="test_logger_instance_creation" time="0.000" /><testcase classname="tests.unit.test_logging_manager.TestLoggingManagerInitialization" name="test_default_initialization" time="0.000" /><testcase classname="tests.unit.test_logging_manager.TestLoggingManagerInitialization" name="test_custom_name_initialization" time="0.001" /><testcase classname="tests.unit.test_logging_manager.TestLoggingManagerSetup" name="test_setup_clears_existing_handlers" time="0.001" /><testcase classname="tests.unit.test_logging_manager.TestLoggingManagerSetup" name="test_setup_configures_logger_level" time="0.001" /><testcase classname="tests.unit.test_logging_manager.TestLoggingManagerSetup" name="test_setup_prevents_duplicate_configuration" time="0.001" /><testcase classname="tests.unit.test_logging_manager.TestLoggingManagerSetup" name="test_setup_with_logging_enabled" time="0.003" /><testcase classname="tests.unit.test_logging_manager.TestLoggingManagerSetup" name="test_setup_creates_log_directory" time="0.002" /><testcase classname="tests.unit.test_logging_manager.TestLoggingManagerSetup" name="test_setup_with_logging_disabled" time="0.004" /><testcase classname="tests.unit.test_logging_manager.TestLoggingManagerSetup" name="test_setup_with_file_logging_enabled" time="0.002" /><testcase classname="tests.unit.test_interfaces.TestIDataFetcher" name="test_has_required_methods" time="0.000" /><testcase classname="tests.unit.test_logging_manager.TestLoggingManagerMethods" name="test_debug_method" time="0.001" /><testcase classname="tests.unit.test_logging_manager.TestLoggingManagerMethods" name="test_error_method_without_exc_info" time="0.001" /><testcase classname="tests.unit.test_logging_manager.TestLoggingManagerMethods" name="test_error_method_with_exc_info" time="0.001" /><testcase classname="tests.unit.test_logging_manager.TestLoggingManagerMethods" name="test_warning_method" time="0.001" /><testcase classname="tests.unit.test_logging_manager.TestLoggingManagerMethods" name="test_critical_method_without_exc_info" time="0.000" /><testcase classname="tests.unit.test_logging_manager.TestLoggingManagerMethods" name="test_critical_method_with_exc_info" time="0.001" /><testcase classname="tests.unit.test_logging_manager.TestLoggingManagerMethods" name="test_info_method" time="0.001" /><testcase classname="tests.unit.test_logging_manager.TestLoggingManagerHandlers" name="test_console_handler_creation" time="0.001" /><testcase classname="tests.unit.test_logging_manager.TestLoggingManagerHandlers" name="test_formatter_application" time="0.001" /><testcase classname="tests.unit.test_logging_manager.TestLoggingManagerHandlers" name="test_file_handler_creation_with_rotation" time="0.002" /><testcase classname="tests.unit.test_logging_manager.TestLoggingManagerEdgeCases" name="test_setup_with_invalid_log_level" time="0.001" /><testcase classname="tests.unit.test_logging_manager.TestLoggingManagerEdgeCases" name="test_file_logging_with_permission_error" time="0.001" /><testcase classname="tests.unit.test_logging_manager.TestLoggingManagerEdgeCases" name="test_multiple_setups_with_different_configs" time="0.001" /><testcase classname="tests.unit.test_logging_manager.TestLoggingManagerIntegration" name="test_handler_management" time="0.001" /><testcase classname="tests.unit.test_logging_manager.TestLoggingManagerIntegration" name="test_real_logging_output" time="0.001" /><testcase classname="tests.unit.test_logging_manager.TestLoggingManagerIntegration" name="test_logger_hierarchy" time="0.001" /><testcase classname="tests.unit.test_main.TestCoreUtilities" name="test_date_to_string_variants" time="0.000" /><testcase classname="tests.unit.test_main.TestCoreUtilities" name="test_get_strategy_class" time="0.000" /><testcase classname="tests.unit.test_main.TestCoreUtilities" name="test_setup_logging" time="0.000" /><testcase classname="tests.unit.test_main.TestBacktesting" name="test_run_backtest_success" time="0.001" /><testcase classname="tests.unit.test_main.TestTechnicalAnalysis" name="test_run_technical_analysis_all_indicators" time="0.003" /><testcase classname="tests.unit.test_main.TestTechnicalAnalysis" name="test_run_technical_analysis_success" time="0.002" /><testcase classname="tests.unit.test_main.TestForecasting" name="test_run_forecast_with_evaluation" time="0.002" /><testcase classname="tests.unit.test_main.TestForecasting" name="test_forecast_error_handling" time="0.002" /><testcase classname="tests.unit.test_main.TestBacktesting" name="test_run_backtest_edge_cases" time="0.001" /><testcase classname="tests.unit.test_main.TestPrintResults" name="test_print_results_formats" time="0.011" /><testcase classname="tests.unit.test_main.TestPrintResults" name="test_print_results_special_cases" time="0.008" /><testcase classname="tests.unit.test_main.TestPrintResults" name="test_print_results_sorted_forecasts" time="0.008" /><testcase classname="tests.unit.test_main.TestForecasting" name="test_run_forecast_success" time="0.002" /><testcase classname="tests.unit.test_main.TestMainFunction" name="test_main_ta_mode" time="0.006" /><testcase classname="tests.unit.test_main.TestMainFunction" name="test_main_saves_results" time="0.007" /><testcase classname="tests.unit.test_main.TestPortfolioBacktestResults" name="test_create_portfolio_backtest_results_edge_cases" time="0.001" /><testcase classname="tests.unit.test_main.TestMainFunction" name="test_main_forecast_mode" time="0.010" /><testcase classname="tests.unit.test_main.TestMainFunction" name="test_main_save_config" time="0.002" /><testcase classname="tests.unit.test_main.TestMainEntryPoint" name="test_main_entry_point_if_name_main" time="0.001" /><testcase classname="tests.unit.test_main.TestSaveDetailedReport" name="test_save_detailed_report" time="0.004" /><testcase classname="tests.unit.test_main.TestPrintResultsEdgeCases" name="test_print_results_with_nested_indicators" time="0.005" /><testcase classname="tests.unit.test_main.TestPortfolioBacktestResults" name="test_create_portfolio_backtest_results" time="0.001" /><testcase classname="tests.unit.test_main.TestTrainTestSplitBacktesting" name="test_run_backtest_with_portfolio_info" time="0.001" /><testcase classname="tests.unit.test_main.TestPrintResultsEdgeCases" name="test_print_results_forecast_evaluation_metrics" time="0.007" /><testcase classname="tests.unit.test_main.TestPortfolioBacktestResultsComplex" name="test_create_portfolio_backtest_results_with_broker_configs" time="0.000" /><testcase classname="tests.unit.test_main.TestPortfolioBacktestResultsComplex" name="test_create_portfolio_backtest_results_date_fallback" time="0.001" /><testcase classname="tests.unit.test_main.TestPrintResultsEdgeCases" name="test_print_results_with_portfolio_composition" time="0.008" /><testcase classname="tests.unit.test_main.TestPrintResultsEdgeCases" name="test_print_results_portfolio_composition_error" time="0.005" /><testcase classname="tests.unit.test_main.TestMainFunctionAdvanced" name="test_main_all_mode_with_hold_only_assets" time="0.010" /><testcase classname="tests.unit.test_main.TestTrainTestSplitBacktesting" name="test_run_backtest_with_train_test_split" time="0.001" /><testcase classname="tests.unit.test_main.TestMainFunctionAdvanced" name="test_main_backtest_strategy_summaries" time="0.237" /><testcase classname="tests.unit.test_main.TestPortfolioBacktestResultsComplex" name="test_create_portfolio_backtest_results_legacy_broker" time="0.001" /><testcase classname="tests.unit.test_main.TestMainFunctionAdvanced" name="test_main_forecast_mode_with_portfolio_value" time="0.003" /><testcase classname="tests.unit.test_main.TestForecastingEdgeCases" name="test_run_forecast_with_evaluation_missing_dates" time="0.002" /><testcase classname="tests.unit.test_main.TestMainFunctionAdvanced" name="test_main_with_date_overrides" time="0.006" /><testcase classname="tests.unit.test_domain.TestTicker" name="test_ticker_string_representation" time="0.000" /><testcase classname="tests.unit.test_main.TestMainErrorHandling" name="test_main_backtest_with_multiple_strategies_progress" time="0.011" /><testcase classname="tests.unit.test_main.TestMainHoldingsDisplay" name="test_main_holdings_with_no_category" time="0.003" /><testcase classname="tests.unit.test_main.TestDateStringHandling" name="test_date_to_string_with_string_date_in_config" time="0.001" /><testcase classname="tests.unit.test_main.TestMainFunctionAdvanced" name="test_main_backtest_start_price_fetching" time="0.007" /><testcase classname="tests.unit.test_metrics.TestDynamicSharpeRatio" name="test_calculate_dynamic_sharpe_ratio_varying_rates" time="0.002" /><testcase classname="tests.unit.test_metrics.TestDynamicSharpeRatio" name="test_calculate_dynamic_sharpe_ratio_basic" time="0.002" /><testcase classname="tests.unit.test_main.TestMainErrorHandling" name="test_main_with_progress_bars_single_operation" time="0.005" /><testcase classname="tests.unit.test_metrics.TestDynamicSharpeRatio" name="test_calculate_dynamic_sharpe_ratio_misaligned_dates" time="0.002" /><testcase classname="tests.unit.test_metrics.TestDynamicSharpeRatio" name="test_calculate_dynamic_sharpe_ratio_empty_data" time="0.001" /><testcase classname="tests.unit.test_metrics.TestSortinoRatioDynamic" name="test_calculate_sortino_ratio_dynamic" time="0.002" /><testcase classname="tests.unit.test_metrics.TestRollingSharpeRatio" name="test_calculate_rolling_sharpe_ratio_small_window" time="0.002" /><testcase classname="tests.unit.test_metrics.TestDynamicSharpeRatio" name="test_calculate_dynamic_sharpe_ratio_zero_volatility" time="0.002" /><testcase classname="tests.unit.test_main.TestMainErrorHandling" name="test_main_forecast_parallel_processing" time="0.009" /><testcase classname="tests.unit.test_metrics.TestSortinoRatioDynamic" name="test_calculate_sortino_ratio_no_downside" time="0.002" /><testcase classname="tests.unit.test_metrics.TestRollingSharpeRatio" name="test_calculate_rolling_sharpe_ratio" time="0.002" /><testcase classname="tests.unit.test_metrics.TestEnhanceBacktestMetrics" name="test_enhance_backtest_metrics" time="0.005" /><testcase classname="tests.unit.test_runner.TestBacktestRunnerInitialization" name="test_initialization_with_defaults" time="0.001" /><testcase classname="tests.unit.test_runner.TestBacktestRunnerRun" name="test_run_basic" time="0.002" /><testcase classname="tests.unit.test_runner.TestBacktestRunnerRun" name="test_run_with_strategy_kwargs" time="0.001" /><testcase classname="tests.unit.test_runner.TestBacktestRunnerRun" name="test_run_custom_parameters" time="0.001" /><testcase classname="tests.unit.test_runner.TestBacktestRunnerOptimize" name="test_optimize_custom_parameters" time="0.001" /><testcase classname="tests.unit.test_runner.TestBacktestRunnerFromSymbol" name="test_run_from_symbol_no_data_fetcher" time="0.001" /><testcase classname="tests.unit.test_runner.TestBacktestRunnerOptimize" name="test_optimize_basic" time="0.001" /><testcase classname="tests.unit.test_runner.TestBacktestRunnerFromSymbol" name="test_run_from_symbol_with_dates" time="0.001" /><testcase classname="tests.unit.test_runner.TestBacktestRunnerRun" name="test_run_with_insufficient_data_warning" time="0.002" /><testcase classname="tests.unit.test_runner.TestBacktestRunnerFromSymbol" name="test_run_from_symbol_basic" time="0.001" /><testcase classname="tests.unit.test_runner.TestBacktestRunnerStats" name="test_get_stats_no_results" time="0.001" /><testcase classname="tests.unit.test_runner.TestBacktestRunnerPlot" name="test_plot_no_kwargs" time="0.001" /><testcase classname="tests.unit.test_runner.TestBacktestRunnerInitialization" name="test_initialization_with_custom_params" time="0.001" /><testcase classname="tests.unit.test_runner.TestBacktestRunnerPlot" name="test_plot_no_results" time="0.001" /><testcase classname="tests.unit.test_runner.TestBacktestRunnerStats" name="test_get_stats_with_results" time="0.001" /><testcase classname="tests.unit.test_runner.TestBacktestRunnerBrokerConfig" name="test_commission_func_percentage" time="0.000" /><testcase classname="tests.unit.test_runner.TestBacktestRunnerPlot" name="test_plot_with_results" time="0.000" /><testcase classname="tests.unit.test_runner.TestBacktestRunnerBrokerConfig" name="test_commission_func_fixed" time="0.000" /><testcase classname="tests.unit.test_runner.TestBacktestRunnerBrokerConfig" name="test_commission_func_per_share" time="0.000" /><testcase classname="tests.unit.test_runner.TestBacktestRunnerBrokerConfig" name="test_initialization_with_broker_config" time="0.000" /><testcase classname="tests.unit.test_runner.TestBacktestRunnerBrokerConfig" name="test_commission_func_robinhood" time="0.000" /><testcase classname="tests.unit.test_runner.TestBacktestRunnerBrokerConfig" name="test_commission_func_tiered" time="0.000" /><testcase classname="tests.unit.test_runner.TestBacktestRunnerBrokerConfig" name="test_commission_func_other_broker_exchange_fees" time="0.000" /><testcase classname="tests.unit.test_runner.TestBacktestRunnerCommissionEdgeCases" name="test_commission_func_per_share_with_none_per_share_commission" time="0.000" /><testcase classname="tests.unit.test_runner.TestBacktestRunnerDateExtractionEdgeCases" name="test_run_with_pandas_datetime_index" time="0.002" /><testcase classname="tests.unit.test_runner.TestBacktestRunnerCommissionEdgeCases" name="test_commission_func_tiered_with_non_dict_value" time="0.000" /><testcase classname="tests.unit.test_runner.TestBacktestRunnerStrategyValidation" name="test_run_with_insufficient_data_warning" time="0.001" /><testcase classname="tests.unit.test_runner.TestBacktestRunnerTrainTestSplit" name="test_run_with_train_test_split_no_data_fetcher" time="0.001" /><testcase classname="tests.unit.test_runner.TestBacktestRunnerTrainTestSplit" name="test_run_with_train_test_split_basic" time="0.004" /><testcase classname="tests.unit.test_runner.TestBacktestRunnerTrainTestSplit" name="test_run_with_train_test_split_with_optimization" time="0.005" /><testcase classname="tests.unit.test_runner.TestBacktestRunnerEquityCurveEdgeCases" name="test_enhance_results_basic_coverage" time="0.001" /><testcase classname="tests.unit.test_runner.TestBacktestRunnerTrainTestSplit" name="test_extract_key_metrics" time="0.001" /><testcase classname="tests.unit.test_runner.TestBacktestRunnerTrainTestSplit" name="test_extract_key_metrics_missing_values" time="0.001" /><testcase classname="tests.unit.test_runner.TestBacktestRunnerDynamicRiskFreeRate" name="test_run_from_symbol_with_dynamic_rates" time="0.001" /><testcase classname="tests.unit.test_runner.TestBacktestRunnerDynamicRiskFreeRate" name="test_run_without_dynamic_risk_free_rate" time="0.001" /><testcase classname="tests.unit.test_runner.TestBacktestRunnerDynamicRiskFreeRate" name="test_run_with_dynamic_risk_free_rate" time="0.002" /><testcase classname="tests.unit.test_runner.TestBacktestRunnerRunFromSymbolDateExtraction" name="test_run_from_symbol_date_extraction_none_dates" time="0.002" /><testcase classname="tests.unit.test_runner.TestBacktestRunnerDynamicRiskFreeRate" name="test_run_from_symbol_without_dynamic_rates" time="0.001" /><testcase classname="tests.unit.test_runner.TestBacktestRunnerDynamicRiskFreeRate" name="test_run_with_dynamic_risk_free_rate_method" time="0.001" /><testcase classname="tests.unit.test_runner.TestBacktestRunnerDynamicRiskFreeRateDateExtraction" name="test_run_with_dynamic_risk_free_rate_none_dates" time="0.002" /><testcase classname="tests.unit.test_runner.TestBacktestRunnerDynamicRiskFreeRate" name="test_run_with_dynamic_risk_free_rate_no_data_fetcher" time="0.000" /><testcase classname="tests.unit.test_runner.TestBacktestRunnerDynamicMetrics" name="test_enhance_results_with_numpy_array_equity" time="0.001" /><testcase classname="tests.unit.test_runner.TestBacktestRunnerDynamicMetrics" name="test_enhance_results_with_pandas_series_equity" time="0.002" /><testcase classname="tests.unit.test_runner.TestBacktestRunnerDynamicMetrics" name="test_enhance_results_no_treasury_rates" time="0.001" /><testcase classname="tests.unit.test_runner.TestBacktestRunnerDynamicMetrics" name="test_enhance_results_with_dataframe_equity" time="0.002" /><testcase classname="tests.unit.test_runner.TestBacktestRunnerDynamicMetrics" name="test_enhance_results_with_multidimensional_array" time="0.001" /><testcase classname="tests.unit.test_runner.TestBacktestRunnerDynamicMetrics" name="test_enhance_results_unknown_equity_type" time="0.001" /><testcase classname="tests.unit.test_runner.TestBacktestRunnerDynamicMetrics" name="test_enhance_results_conversion_failure" time="0.001" /><testcase classname="tests.unit.test_runner.TestBacktestRunnerDynamicMetrics" name="test_enhance_results_no_equity_curve" time="0.001" /><testcase classname="tests.unit.test_runner.TestBacktestRunnerDynamicMetrics" name="test_enhance_results_metrics_calculation_error" time="0.001" /><testcase classname="tests.unit.test_runner.TestBacktestRunnerIntegration" name="test_complete_workflow" time="0.002" /><testcase classname="tests.unit.test_runner.TestBacktestRunnerIntegration" name="test_error_handling" time="0.001" /><testcase classname="tests.unit.test_strategies.TestBaseStrategy" name="test_base_strategy_attributes" time="0.000" /><testcase classname="tests.unit.test_strategies.TestBaseStrategy" name="test_base_strategy_is_abstract" time="0.001" /><testcase classname="tests.unit.test_strategies.TestSMACrossStrategy" name="test_sma_strategy_attributes" time="0.000" /><testcase classname="tests.unit.test_strategies.TestSMACrossStrategy" name="test_sma_strategy_inheritance" time="0.001" /><testcase classname="tests.unit.test_strategies.TestSMACrossStrategy" name="test_sma_strategy_methods" time="0.000" /><testcase classname="tests.unit.test_strategies.TestSMACrossStrategy" name="test_sma_strategy_source_code_structure" time="0.001" /><testcase classname="tests.unit.test_strategies.TestBaseStrategy" name="test_base_strategy_inheritance" time="0.000" /><testcase classname="tests.unit.test_strategies.TestRSIStrategy" name="test_rsi_strategy_attributes" time="0.000" /><testcase classname="tests.unit.test_strategies.TestRSIStrategy" name="test_rsi_strategy_inheritance" time="0.000" /><testcase classname="tests.unit.test_strategies.TestRSIStrategy" name="test_rsi_calculation_logic" time="0.001" /><testcase classname="tests.unit.test_strategies.TestMACDStrategy" name="test_macd_strategy_inheritance" time="0.000" /><testcase classname="tests.unit.test_strategies.TestMACDStrategy" name="test_macd_calculation_components" time="0.001" /><testcase classname="tests.unit.test_strategies.TestMACDStrategy" name="test_macd_strategy_attributes" time="0.000" /><testcase classname="tests.unit.test_strategies.TestDoubleEMACrossStrategy" name="test_double_ema_has_stop_loss_logic" time="0.001" /><testcase classname="tests.unit.test_strategies.TestDoubleEMACrossStrategy" name="test_double_ema_inheritance" time="0.000" /><testcase classname="tests.unit.test_strategies.TestDoubleEMACrossStrategy" name="test_double_ema_attributes" time="0.000" /><testcase classname="tests.unit.test_strategies.TestDoubleEMACrossStrategy" name="test_insufficient_data_handling" time="0.001" /><testcase classname="tests.unit.test_strategies.TestTripleEMACrossStrategy" name="test_triple_ema_attributes" time="0.000" /><testcase classname="tests.unit.test_strategies.TestTRIMACrossStrategy" name="test_trima_attributes" time="0.000" /><testcase classname="tests.unit.test_strategies.TestTripleEMACrossStrategy" name="test_triple_ema_tema_calculation" time="0.001" /><testcase classname="tests.unit.test_strategies.TestTripleEMACrossStrategy" name="test_triple_ema_inheritance" time="0.000" /><testcase classname="tests.unit.test_strategies.TestTRIMACrossStrategy" name="test_trima_calculation_logic" time="0.001" /><testcase classname="tests.unit.test_strategies.TestTRIMACrossStrategy" name="test_trima_inheritance" time="0.000" /><testcase classname="tests.unit.test_strategies.TestVIDYAStrategy" name="test_vidya_attributes" time="0.000" /><testcase classname="tests.unit.test_strategies.TestVIDYAStrategy" name="test_vidya_cmo_calculation_components" time="0.001" /><testcase classname="tests.unit.test_strategies.TestVIDYAStrategy" name="test_vidya_inheritance" time="0.000" /><testcase classname="tests.unit.test_strategies.TestKAMAStrategy" name="test_kama_attributes" time="0.000" /><testcase classname="tests.unit.test_strategies.TestKAMAStrategy" name="test_kama_inheritance" time="0.001" /><testcase classname="tests.unit.test_strategies.TestKAMAStrategy" name="test_kama_efficiency_ratio_logic" time="0.001" /><testcase classname="tests.unit.test_strategies.TestFRAMAStrategy" name="test_frama_inheritance" time="0.001" /><testcase classname="tests.unit.test_strategies.TestFRAMAStrategy" name="test_frama_attributes" time="0.000" /><testcase classname="tests.unit.test_strategies.TestFRAMAStrategy" name="test_frama_fractal_dimension_logic" time="0.002" /><testcase classname="tests.unit.test_strategies.TestVAMAStrategy" name="test_vama_attributes" time="0.000" /><testcase classname="tests.unit.test_strategies.TestVAMAStrategy" name="test_vama_inheritance" time="0.000" /><testcase classname="tests.unit.test_strategies.TestVAMAStrategy" name="test_vama_volume_logic" time="0.001" /><testcase classname="tests.unit.test_strategies.TestKaufmanEfficiencyStrategy" name="test_kaufman_efficiency_inheritance" time="0.000" /><testcase classname="tests.unit.test_strategies.TestKaufmanEfficiencyStrategy" name="test_kaufman_efficiency_attributes" time="0.000" /><testcase classname="tests.unit.test_strategies.TestStrategyWarnings" name="test_strategies_with_insufficient_data_warnings" time="0.005" /><testcase classname="tests.unit.test_strategies.TestStrategyDataRequirements" name="test_strategies_with_min_required_days" time="0.000" /><testcase classname="tests.unit.test_strategies.TestStrategyDataRequirements" name="test_strategies_with_recommended_start_date" time="0.001" /><testcase classname="tests.unit.test_strategies.TestStrategyCalculationFunctions" name="test_ema_calculation_exists" time="0.001" /><testcase classname="tests.unit.test_strategies.TestStrategyCalculationFunctions" name="test_sma_calculation_exists" time="0.001" /><testcase classname="tests.unit.test_strategies.TestStrategyCalculationFunctions" name="test_macd_calculation_exists" time="0.001" /><testcase classname="tests.unit.test_strategies.TestStrategyCalculationFunctions" name="test_atr_calculation_exists" time="0.005" /><testcase classname="tests.unit.test_strategies.TestStrategyTradingActions" name="test_buy_action_in_strategies" time="0.002" /><testcase classname="tests.unit.test_strategies.TestStrategyTradingActions" name="test_position_close_in_strategies" time="0.002" /><testcase classname="tests.unit.test_strategies.TestStrategyCrossoverLogic" name="test_crossover_strategies" time="0.001" /><testcase classname="tests.unit.test_strategies.TestStrategyConsistency" name="test_all_strategies_have_init_and_next" time="0.000" /><testcase classname="tests.unit.test_strategies.TestAdvancedStrategyFeatures" name="test_adaptive_strategies_have_special_calculations" time="0.003" /><testcase classname="tests.unit.test_strategies.TestStrategyCalculationFunctions" name="test_rsi_calculation_exists" time="0.001" /><testcase classname="tests.unit.test_strategies.TestStrategyConsistency" name="test_all_strategies_inherit_from_base" time="0.000" /><testcase classname="tests.unit.test_strategies.TestStrategyEdgeCases" name="test_strategies_handle_insufficient_data_gracefully" time="0.002" /><testcase classname="tests.unit.test_strategies.TestStrategyIntegration" name="test_strategy_parameter_types" time="0.000" /><testcase classname="tests.unit.test_strategies.TestAdvancedStrategyFeatures" name="test_stop_loss_in_advanced_strategies" time="0.004" /><testcase classname="tests.unit.test_strategies.TestStrategyIntegration" name="test_all_strategies_can_be_imported" time="0.000" /><testcase classname="tests.unit.test_strategies.TestStrategyImplementationDetails" name="test_indicator_initialization_in_init_methods" time="0.001" /><testcase classname="tests.unit.test_strategies.TestStrategyIntegration" name="test_strategy_parameter_ranges" time="0.000" /><testcase classname="tests.unit.test_strategies.TestStrategyEdgeCases" name="test_division_by_zero_handling" time="0.003" /><testcase classname="tests.unit.test_strategies.TestStrategyImplementationDetails" name="test_position_management_logic" time="0.002" /><testcase classname="tests.unit.test_technical_analysis.TestTechnicalIndicators" name="test_initialization" time="0.001" /><testcase classname="tests.unit.test_technical_analysis.TestTechnicalIndicators" name="test_sma" time="0.003" /><testcase classname="tests.unit.test_strategies.TestStrategyImplementationDetails" name="test_trading_logic_conditions" time="0.001" /><testcase classname="tests.unit.test_technical_analysis.TestTechnicalIndicators" name="test_ema" time="0.002" /><testcase classname="tests.unit.test_technical_analysis.TestTechnicalIndicators" name="test_macd" time="0.006" /><testcase classname="tests.unit.test_technical_analysis.TestTechnicalIndicators" name="test_rsi" time="0.003" /><testcase classname="tests.unit.test_technical_analysis.TestTechnicalIndicators" name="test_bbands" time="0.003" /><testcase classname="tests.unit.test_technical_analysis.TestTechnicalIndicators" name="test_stochastic" time="0.002" /><testcase classname="tests.unit.test_technical_analysis.TestTechnicalIndicators" name="test_atr" time="0.003" /><testcase classname="tests.unit.test_technical_analysis.TestTechnicalIndicators" name="test_volume_indicators" time="0.004" /><testcase classname="tests.unit.test_technical_analysis.TestTechnicalIndicators" name="test_invalid_period" time="0.001" /><testcase classname="tests.unit.test_technical_analysis.TestTechnicalIndicators" name="test_ichimoku" time="0.004" /><testcase classname="tests.unit.test_technical_analysis.TestTechnicalIndicators" name="test_adx" time="0.009" /><testcase classname="tests.unit.test_technical_analysis.TestTechnicalIndicators" name="test_empty_data" time="0.002" /><testcase classname="tests.unit.test_technical_analysis.TestTechnicalIndicators" name="test_all_indicators_together" time="0.018" /><testcase classname="tests.unit.test_technical_analysis.TestTechnicalIndicators" name="test_missing_columns" time="0.004" /><testcase classname="tests.unit.test_domain.TestDomainFactoryErrorScenarios" name="test_create_portfolio_zero_capital" time="0.002" /><testcase classname="tests.unit.test_main.TestForecastingEdgeCases" name="test_run_forecast_empty_predictions" time="0.004" /><testcase classname="tests.unit.test_database_manager.TestDatabaseFixtures" name="test_database_fixture_seeds_stocks" time="0.859" /><testcase classname="tests.unit.test_domain.TestTickerRegistry" name="test_get_ticker" time="0.001" /><testcase classname="tests.unit.test_database_manager.TestDatabaseFixtures" name="test_database_fixture_seeds_dividends" time="0.849" /><testcase classname="tests.unit.test_domain.TestCategory" name="test_category_from_string" time="0.001" /><testcase classname="tests.unit.test_database_manager.TestDatabaseFixtures" name="test_database_fixture_creates_tables" time="0.876" /><testcase classname="tests.unit.test_database_manager.TestDatabaseFixtures" name="test_database_fixture_seeds_price_history" time="0.892" /><testcase classname="tests.unit.test_domain.TestAsset" name="test_asset_category_override" time="0.001" /><testcase classname="tests.unit.test_database_manager.TestDatabaseFixtures" name="test_database_fixture_seeds_splits" time="0.893" /><testcase classname="tests.unit.test_database_manager.TestDatabaseFixtures" name="test_database_session_scope_persistence" time="0.884" /><testcase classname="tests.unit.test_domain.TestTickerRegistry" name="test_get_or_create_ticker" time="0.001" /><testcase classname="tests.unit.test_domain.TestTickerRegistry" name="test_ticker_registry_singleton" time="0.001" /><testcase classname="tests.unit.test_domain.TestAsset" name="test_asset_value_calculation" time="0.002" /><testcase classname="tests.unit.test_domain.TestDomainFactoryAdvanced" name="test_ticker_registry_integration" time="0.001" /><testcase classname="tests.unit.test_fetcher.TestDataFetcherLifecycleManagement" name="test_close_method_does_not_own_db" time="0.001" /><testcase classname="tests.unit.test_factory_coverage.TestDomainFactoryDateConversion" name="test_date_to_string_with_string" time="0.001" /></testsuite></testsuites>